ARM Linker, 5.02 [Build 28] [MDK-ARM Lite]

==============================================================================

Section Cross References

    startup_lpc17xx.o(RESET) refers to startup_lpc17xx.o(STACK) for __initial_sp
    startup_lpc17xx.o(RESET) refers to startup_lpc17xx.o(.text) for Reset_Handler
    startup_lpc17xx.o(.text) refers to lab_1_program.o(My_code) for __MAIN
    startup_lpc17xx.o(.text) refers to startup_lpc17xx.o(HEAP) for Heap_Mem
    startup_lpc17xx.o(.text) refers to startup_lpc17xx.o(STACK) for Stack_Mem


==============================================================================

Image Symbol Table

    Local Symbols

    Symbol Name                              Value     Ov Type        Size  Object(Section)

    RESET                                    0x00000000   Section      204  startup_lpc17xx.o(RESET)
    Lab_1_program.s                          0x00000000   Number         0  lab_1_program.o ABSOLUTE
    startup_LPC17xx.s                        0x00000000   Number         0  startup_lpc17xx.o ABSOLUTE
    .text                                    0x000000cc   Section       52  startup_lpc17xx.o(.text)
    My_code                                  0x00000100   Section       50  lab_1_program.o(My_code)
    .ARM.__at_0x02FC                         0x000002fc   Section        4  startup_lpc17xx.o(.ARM.__at_0x02FC)
    HEAP                                     0x10000000   Section        0  startup_lpc17xx.o(HEAP)
    STACK                                    0x10000000   Section      512  startup_lpc17xx.o(STACK)
    Heap_Mem                                 0x10000000   Data           0  startup_lpc17xx.o(HEAP)
    Stack_Mem                                0x10000000   Data         512  startup_lpc17xx.o(STACK)
    __initial_sp                             0x10000200   Data           0  startup_lpc17xx.o(STACK)

    Global Symbols

    Symbol Name                              Value     Ov Type        Size  Object(Section)

    BuildAttributes$$THM_ISAv4$P$D$K$B$S$PE$A:L22UL41UL21$X:L11$S22US41US21$IEEE1$IW$USESV6$~STKCKD$USESV7$~SHL$OSPACE$EBA8$STANDARDLIB$PRES8$EABIv2 0x00000000   Number         0  anon$$obj.o ABSOLUTE
    __Vectors                                0x00000000   Data           4  startup_lpc17xx.o(RESET)
    Reset_Handler                            0x000000cd   Thumb Code     4  startup_lpc17xx.o(.text)
    NMI_Handler                              0x000000d1   Thumb Code     2  startup_lpc17xx.o(.text)
    HardFault_Handler                        0x000000d3   Thumb Code     2  startup_lpc17xx.o(.text)
    MemManage_Handler                        0x000000d5   Thumb Code     2  startup_lpc17xx.o(.text)
    BusFault_Handler                         0x000000d7   Thumb Code     2  startup_lpc17xx.o(.text)
    UsageFault_Handler                       0x000000d9   Thumb Code     2  startup_lpc17xx.o(.text)
    SVC_Handler                              0x000000db   Thumb Code     2  startup_lpc17xx.o(.text)
    DebugMon_Handler                         0x000000dd   Thumb Code     2  startup_lpc17xx.o(.text)
    PendSV_Handler                           0x000000df   Thumb Code     2  startup_lpc17xx.o(.text)
    SysTick_Handler                          0x000000e1   Thumb Code     2  startup_lpc17xx.o(.text)
    ADC_IRQHandler                           0x000000e3   Thumb Code     0  startup_lpc17xx.o(.text)
    BOD_IRQHandler                           0x000000e3   Thumb Code     0  startup_lpc17xx.o(.text)
    CANActivity_IRQHandler                   0x000000e3   Thumb Code     0  startup_lpc17xx.o(.text)
    CAN_IRQHandler                           0x000000e3   Thumb Code     0  startup_lpc17xx.o(.text)
    DMA_IRQHandler                           0x000000e3   Thumb Code     0  startup_lpc17xx.o(.text)
    EINT0_IRQHandler                         0x000000e3   Thumb Code     0  startup_lpc17xx.o(.text)
    EINT1_IRQHandler                         0x000000e3   Thumb Code     0  startup_lpc17xx.o(.text)
    EINT2_IRQHandler                         0x000000e3   Thumb Code     0  startup_lpc17xx.o(.text)
    EINT3_IRQHandler                         0x000000e3   Thumb Code     0  startup_lpc17xx.o(.text)
    ENET_IRQHandler                          0x000000e3   Thumb Code     0  startup_lpc17xx.o(.text)
    I2C0_IRQHandler                          0x000000e3   Thumb Code     0  startup_lpc17xx.o(.text)
    I2C1_IRQHandler                          0x000000e3   Thumb Code     0  startup_lpc17xx.o(.text)
    I2C2_IRQHandler                          0x000000e3   Thumb Code     0  startup_lpc17xx.o(.text)
    I2S_IRQHandler                           0x000000e3   Thumb Code     0  startup_lpc17xx.o(.text)
    MCPWM_IRQHandler                         0x000000e3   Thumb Code     0  startup_lpc17xx.o(.text)
    PLL0_IRQHandler                          0x000000e3   Thumb Code     0  startup_lpc17xx.o(.text)
    PLL1_IRQHandler                          0x000000e3   Thumb Code     0  startup_lpc17xx.o(.text)
    PWM1_IRQHandler                          0x000000e3   Thumb Code     0  startup_lpc17xx.o(.text)
    QEI_IRQHandler                           0x000000e3   Thumb Code     0  startup_lpc17xx.o(.text)
    RIT_IRQHandler                           0x000000e3   Thumb Code     0  startup_lpc17xx.o(.text)
    RTC_IRQHandler                           0x000000e3   Thumb Code     0  startup_lpc17xx.o(.text)
    SPI_IRQHandler                           0x000000e3   Thumb Code     0  startup_lpc17xx.o(.text)
    SSP0_IRQHandler                          0x000000e3   Thumb Code     0  startup_lpc17xx.o(.text)
    SSP1_IRQHandler                          0x000000e3   Thumb Code     0  startup_lpc17xx.o(.text)
    TIMER0_IRQHandler                        0x000000e3   Thumb Code     0  startup_lpc17xx.o(.text)
    TIMER1_IRQHandler                        0x000000e3   Thumb Code     0  startup_lpc17xx.o(.text)
    TIMER2_IRQHandler                        0x000000e3   Thumb Code     0  startup_lpc17xx.o(.text)
    TIMER3_IRQHandler                        0x000000e3   Thumb Code     0  startup_lpc17xx.o(.text)
    UART0_IRQHandler                         0x000000e3   Thumb Code     0  startup_lpc17xx.o(.text)
    UART1_IRQHandler                         0x000000e3   Thumb Code     0  startup_lpc17xx.o(.text)
    UART2_IRQHandler                         0x000000e3   Thumb Code     0  startup_lpc17xx.o(.text)
    UART3_IRQHandler                         0x000000e3   Thumb Code     0  startup_lpc17xx.o(.text)
    USBActivity_IRQHandler                   0x000000e3   Thumb Code     0  startup_lpc17xx.o(.text)
    USB_IRQHandler                           0x000000e3   Thumb Code     0  startup_lpc17xx.o(.text)
    WDT_IRQHandler                           0x000000e3   Thumb Code     0  startup_lpc17xx.o(.text)
    __user_initial_stackheap                 0x000000e5   Thumb Code     0  startup_lpc17xx.o(.text)
    __MAIN                                   0x00000101   Thumb Code     0  lab_1_program.o(My_code)



==============================================================================

Memory Map of the image

  Image Entry point : 0x00000101

  Load Region LR_IROM1 (Base: 0x00000000, Size: 0x00000300, Max: 0x00080000, ABSOLUTE)

    Execution Region ER_IROM1 (Base: 0x00000000, Size: 0x00000300, Max: 0x00080000, ABSOLUTE)

    Base Addr    Size         Type   Attr      Idx    E Section Name        Object

    0x00000000   0x000000cc   Data   RO            8    RESET               startup_lpc17xx.o
    0x000000cc   0x00000034   Code   RO           10    .text               startup_lpc17xx.o
    0x00000100   0x00000032   Code   RO            1  * My_code             lab_1_program.o
    0x00000132   0x000001ca   PAD
    0x000002fc   0x00000004   Code   RO            9    .ARM.__at_0x02FC    startup_lpc17xx.o


    Execution Region RW_IRAM1 (Base: 0x10000000, Size: 0x00000200, Max: 0x00008000, ABSOLUTE)

    Base Addr    Size         Type   Attr      Idx    E Section Name        Object

    0x10000000   0x00000000   Zero   RW            7    HEAP                startup_lpc17xx.o
    0x10000000   0x00000200   Zero   RW            6    STACK               startup_lpc17xx.o


==============================================================================

Image component sizes


      Code (inc. data)   RO Data    RW Data    ZI Data      Debug   Object Name

        50          0          0          0          0        200   lab_1_program.o
        56         22        204          0        512        808   startup_lpc17xx.o

    ----------------------------------------------------------------------
       564         22        204          0        512       1008   Object Totals
         0          0          0          0          0          0   (incl. Generated)
       458          0          0          0          0          0   (incl. Padding)

    ----------------------------------------------------------------------
         0          0          0          0          0          0   Library Totals
         0          0          0          0          0          0   (incl. Padding)

    ----------------------------------------------------------------------

==============================================================================


      Code (inc. data)   RO Data    RW Data    ZI Data      Debug   

       564         22        204          0        512       1008   Grand Totals
       564         22        204          0        512       1008   ELF Image Totals
       564         22        204          0          0          0   ROM Totals

==============================================================================

    Total RO  Size (Code + RO Data)                  768 (   0.75kB)
    Total RW  Size (RW Data + ZI Data)               512 (   0.50kB)
    Total ROM Size (Code + RO Data + RW Data)        768 (   0.75kB)

==============================================================================

